// Jest Snapshot v1, https://goo.gl/fbAQLP

exports[`<CityButton /> Renders the component 1`] = `
<div
  className="py-2"
>
  <button
    className="btn btn-outline-secondary btn-lg city-button"
    onClick={[Function]}
  />
</div>
`;
