// Jest Snapshot v1, https://goo.gl/fbAQLP

exports[`<CityInput /> Renders the component 1`] = `
<div
  className="col-12 py-2"
>
  <input
    className="form-control form-control-lg"
    onChange={[Function]}
    onKeyDown={[Function]}
    placeholder="e.g. Berlin,de"
    type="text"
    value=""
  />
  <div
    className="text-left text-danger mt-1"
  />
</div>
`;
